[
  {
    "input": "Cannot declare class NoNamespace because the name is already in use.",
    "tokens": [
      {
        "type": "common_word",
        "value": "Cannot",
        "location": {
          "startColumn": 0,
          "endColumn": 6
        }
      },
      {
        "type": "common_word",
        "value": "declare",
        "location": {
          "startColumn": 7,
          "endColumn": 14
        }
      },
      {
        "type": "common_word",
        "value": "class",
        "location": {
          "startColumn": 15,
          "endColumn": 20
        }
      },
      {
        "type": "common_word",
        "value": "NoNamespace",
        "location": {
          "startColumn": 21,
          "endColumn": 32
        }
      },
      {
        "type": "common_word",
        "value": "because",
        "location": {
          "startColumn": 33,
          "endColumn": 40
        }
      },
      {
        "type": "common_word",
        "value": "the",
        "location": {
          "startColumn": 41,
          "endColumn": 44
        }
      },
      {
        "type": "common_word",
        "value": "name",
        "location": {
          "startColumn": 45,
          "endColumn": 49
        }
      },
      {
        "type": "common_word",
        "value": "is",
        "location": {
          "startColumn": 50,
          "endColumn": 52
        }
      },
      {
        "type": "common_word",
        "value": "already",
        "location": {
          "startColumn": 53,
          "endColumn": 60
        }
      },
      {
        "type": "common_word",
        "value": "in",
        "location": {
          "startColumn": 61,
          "endColumn": 63
        }
      },
      {
        "type": "common_word",
        "value": "use",
        "location": {
          "startColumn": 64,
          "endColumn": 67
        }
      },
      {
        "type": "period",
        "value": ".",
        "location": {
          "startColumn": 67,
          "endColumn": 68
        }
      }
    ]
  },
  {
    "input": "Cannot declare class SomeNamespace\\SimpleUses because the name is already in use.",
    "tokens": [
      {
        "type": "common_word",
        "value": "Cannot",
        "location": {
          "startColumn": 0,
          "endColumn": 6
        }
      },
      {
        "type": "common_word",
        "value": "declare",
        "location": {
          "startColumn": 7,
          "endColumn": 14
        }
      },
      {
        "type": "common_word",
        "value": "class",
        "location": {
          "startColumn": 15,
          "endColumn": 20
        }
      },
      {
        "type": "namespaced_name",
        "value": "SomeNamespace\\SimpleUses",
        "location": {
          "startColumn": 21,
          "endColumn": 45
        }
      },
      {
        "type": "common_word",
        "value": "because",
        "location": {
          "startColumn": 46,
          "endColumn": 53
        }
      },
      {
        "type": "common_word",
        "value": "the",
        "location": {
          "startColumn": 54,
          "endColumn": 57
        }
      },
      {
        "type": "common_word",
        "value": "name",
        "location": {
          "startColumn": 58,
          "endColumn": 62
        }
      },
      {
        "type": "common_word",
        "value": "is",
        "location": {
          "startColumn": 63,
          "endColumn": 65
        }
      },
      {
        "type": "common_word",
        "value": "already",
        "location": {
          "startColumn": 66,
          "endColumn": 73
        }
      },
      {
        "type": "common_word",
        "value": "in",
        "location": {
          "startColumn": 74,
          "endColumn": 76
        }
      },
      {
        "type": "common_word",
        "value": "use",
        "location": {
          "startColumn": 77,
          "endColumn": 80
        }
      },
      {
        "type": "period",
        "value": ".",
        "location": {
          "startColumn": 80,
          "endColumn": 81
        }
      }
    ]
  },
  {
    "input": "Cannot declare interface SomeNamespace\\GroupedUses because the name is already in use.",
    "tokens": [
      {
        "type": "common_word",
        "value": "Cannot",
        "location": {
          "startColumn": 0,
          "endColumn": 6
        }
      },
      {
        "type": "common_word",
        "value": "declare",
        "location": {
          "startColumn": 7,
          "endColumn": 14
        }
      },
      {
        "type": "common_word",
        "value": "interface",
        "location": {
          "startColumn": 15,
          "endColumn": 24
        }
      },
      {
        "type": "namespaced_name",
        "value": "SomeNamespace\\GroupedUses",
        "location": {
          "startColumn": 25,
          "endColumn": 50
        }
      },
      {
        "type": "common_word",
        "value": "because",
        "location": {
          "startColumn": 51,
          "endColumn": 58
        }
      },
      {
        "type": "common_word",
        "value": "the",
        "location": {
          "startColumn": 59,
          "endColumn": 62
        }
      },
      {
        "type": "common_word",
        "value": "name",
        "location": {
          "startColumn": 63,
          "endColumn": 67
        }
      },
      {
        "type": "common_word",
        "value": "is",
        "location": {
          "startColumn": 68,
          "endColumn": 70
        }
      },
      {
        "type": "common_word",
        "value": "already",
        "location": {
          "startColumn": 71,
          "endColumn": 78
        }
      },
      {
        "type": "common_word",
        "value": "in",
        "location": {
          "startColumn": 79,
          "endColumn": 81
        }
      },
      {
        "type": "common_word",
        "value": "use",
        "location": {
          "startColumn": 82,
          "endColumn": 85
        }
      },
      {
        "type": "period",
        "value": ".",
        "location": {
          "startColumn": 85,
          "endColumn": 86
        }
      }
    ]
  },
  {
    "input": "Cannot declare trait FirstNamespace\\MultipleNamespaces because the name is already in use.",
    "tokens": [
      {
        "type": "common_word",
        "value": "Cannot",
        "location": {
          "startColumn": 0,
          "endColumn": 6
        }
      },
      {
        "type": "common_word",
        "value": "declare",
        "location": {
          "startColumn": 7,
          "endColumn": 14
        }
      },
      {
        "type": "common_word",
        "value": "trait",
        "location": {
          "startColumn": 15,
          "endColumn": 20
        }
      },
      {
        "type": "namespaced_name",
        "value": "FirstNamespace\\MultipleNamespaces",
        "location": {
          "startColumn": 21,
          "endColumn": 54
        }
      },
      {
        "type": "common_word",
        "value": "because",
        "location": {
          "startColumn": 55,
          "endColumn": 62
        }
      },
      {
        "type": "common_word",
        "value": "the",
        "location": {
          "startColumn": 63,
          "endColumn": 66
        }
      },
      {
        "type": "common_word",
        "value": "name",
        "location": {
          "startColumn": 67,
          "endColumn": 71
        }
      },
      {
        "type": "common_word",
        "value": "is",
        "location": {
          "startColumn": 72,
          "endColumn": 74
        }
      },
      {
        "type": "common_word",
        "value": "already",
        "location": {
          "startColumn": 75,
          "endColumn": 82
        }
      },
      {
        "type": "common_word",
        "value": "in",
        "location": {
          "startColumn": 83,
          "endColumn": 85
        }
      },
      {
        "type": "common_word",
        "value": "use",
        "location": {
          "startColumn": 86,
          "endColumn": 89
        }
      },
      {
        "type": "period",
        "value": ".",
        "location": {
          "startColumn": 89,
          "endColumn": 90
        }
      }
    ]
  },
  {
    "input": "Cannot use SomeOtherNamespace\\FooBar as FooBar because the name is already in use.",
    "tokens": [
      {
        "type": "common_word",
        "value": "Cannot",
        "location": {
          "startColumn": 0,
          "endColumn": 6
        }
      },
      {
        "type": "common_word",
        "value": "use",
        "location": {
          "startColumn": 7,
          "endColumn": 10
        }
      },
      {
        "type": "namespaced_name",
        "value": "SomeOtherNamespace\\FooBar",
        "location": {
          "startColumn": 11,
          "endColumn": 36
        }
      },
      {
        "type": "common_word",
        "value": "as",
        "location": {
          "startColumn": 37,
          "endColumn": 39
        }
      },
      {
        "type": "common_word",
        "value": "FooBar",
        "location": {
          "startColumn": 40,
          "endColumn": 46
        }
      },
      {
        "type": "common_word",
        "value": "because",
        "location": {
          "startColumn": 47,
          "endColumn": 54
        }
      },
      {
        "type": "common_word",
        "value": "the",
        "location": {
          "startColumn": 55,
          "endColumn": 58
        }
      },
      {
        "type": "common_word",
        "value": "name",
        "location": {
          "startColumn": 59,
          "endColumn": 63
        }
      },
      {
        "type": "common_word",
        "value": "is",
        "location": {
          "startColumn": 64,
          "endColumn": 66
        }
      },
      {
        "type": "common_word",
        "value": "already",
        "location": {
          "startColumn": 67,
          "endColumn": 74
        }
      },
      {
        "type": "common_word",
        "value": "in",
        "location": {
          "startColumn": 75,
          "endColumn": 77
        }
      },
      {
        "type": "common_word",
        "value": "use",
        "location": {
          "startColumn": 78,
          "endColumn": 81
        }
      },
      {
        "type": "period",
        "value": ".",
        "location": {
          "startColumn": 81,
          "endColumn": 82
        }
      }
    ]
  },
  {
    "input": "Cannot use SomeOtherNamespace\\UsesUnderClass as GroupedUsesUnderClass because the name is already in use.",
    "tokens": [
      {
        "type": "common_word",
        "value": "Cannot",
        "location": {
          "startColumn": 0,
          "endColumn": 6
        }
      },
      {
        "type": "common_word",
        "value": "use",
        "location": {
          "startColumn": 7,
          "endColumn": 10
        }
      },
      {
        "type": "namespaced_name",
        "value": "SomeOtherNamespace\\UsesUnderClass",
        "location": {
          "startColumn": 11,
          "endColumn": 44
        }
      },
      {
        "type": "common_word",
        "value": "as",
        "location": {
          "startColumn": 45,
          "endColumn": 47
        }
      },
      {
        "type": "common_word",
        "value": "GroupedUsesUnderClass",
        "location": {
          "startColumn": 48,
          "endColumn": 69
        }
      },
      {
        "type": "common_word",
        "value": "because",
        "location": {
          "startColumn": 70,
          "endColumn": 77
        }
      },
      {
        "type": "common_word",
        "value": "the",
        "location": {
          "startColumn": 78,
          "endColumn": 81
        }
      },
      {
        "type": "common_word",
        "value": "name",
        "location": {
          "startColumn": 82,
          "endColumn": 86
        }
      },
      {
        "type": "common_word",
        "value": "is",
        "location": {
          "startColumn": 87,
          "endColumn": 89
        }
      },
      {
        "type": "common_word",
        "value": "already",
        "location": {
          "startColumn": 90,
          "endColumn": 97
        }
      },
      {
        "type": "common_word",
        "value": "in",
        "location": {
          "startColumn": 98,
          "endColumn": 100
        }
      },
      {
        "type": "common_word",
        "value": "use",
        "location": {
          "startColumn": 101,
          "endColumn": 104
        }
      },
      {
        "type": "period",
        "value": ".",
        "location": {
          "startColumn": 104,
          "endColumn": 105
        }
      }
    ]
  },
  {
    "input": "Cannot use SomeOtherNamespace\\UsesUnderClass as SimpleUsesUnderClass because the name is already in use.",
    "tokens": [
      {
        "type": "common_word",
        "value": "Cannot",
        "location": {
          "startColumn": 0,
          "endColumn": 6
        }
      },
      {
        "type": "common_word",
        "value": "use",
        "location": {
          "startColumn": 7,
          "endColumn": 10
        }
      },
      {
        "type": "namespaced_name",
        "value": "SomeOtherNamespace\\UsesUnderClass",
        "location": {
          "startColumn": 11,
          "endColumn": 44
        }
      },
      {
        "type": "common_word",
        "value": "as",
        "location": {
          "startColumn": 45,
          "endColumn": 47
        }
      },
      {
        "type": "common_word",
        "value": "SimpleUsesUnderClass",
        "location": {
          "startColumn": 48,
          "endColumn": 68
        }
      },
      {
        "type": "common_word",
        "value": "because",
        "location": {
          "startColumn": 69,
          "endColumn": 76
        }
      },
      {
        "type": "common_word",
        "value": "the",
        "location": {
          "startColumn": 77,
          "endColumn": 80
        }
      },
      {
        "type": "common_word",
        "value": "name",
        "location": {
          "startColumn": 81,
          "endColumn": 85
        }
      },
      {
        "type": "common_word",
        "value": "is",
        "location": {
          "startColumn": 86,
          "endColumn": 88
        }
      },
      {
        "type": "common_word",
        "value": "already",
        "location": {
          "startColumn": 89,
          "endColumn": 96
        }
      },
      {
        "type": "common_word",
        "value": "in",
        "location": {
          "startColumn": 97,
          "endColumn": 99
        }
      },
      {
        "type": "common_word",
        "value": "use",
        "location": {
          "startColumn": 100,
          "endColumn": 103
        }
      },
      {
        "type": "period",
        "value": ".",
        "location": {
          "startColumn": 103,
          "endColumn": 104
        }
      }
    ]
  }
]